BL51 BANKED LINKER/LOCATER V6.22                                                        11/29/2018  14:26:33  PAGE 1


BL51 BANKED LINKER/LOCATER V6.22, INVOKED BY:
C:\KEIL\C51\BIN\BL51.EXE test_rf.obj, .\STARTUP.obj TO test_rf RAMSIZE (256)


MEMORY MODEL: SMALL


INPUT MODULES INCLUDED:
  test_rf.obj (TEST_RF)
  .\STARTUP.obj (?C_STARTUP)
  C:\KEIL\C51\LIB\C51S.LIB (?C_INIT)
  C:\KEIL\C51\LIB\C51S.LIB (?C?CLDPTR)
  C:\KEIL\C51\LIB\C51S.LIB (?C?ULDIV)
  C:\KEIL\C51\LIB\C51S.LIB (?C?ULCMP)
  C:\KEIL\C51\LIB\C51S.LIB (?C?LSHL)


LINK MAP OF MODULE:  test_rf (TEST_RF)


            TYPE    BASE      LENGTH    RELOCATION   SEGMENT NAME
            -----------------------------------------------------

            * * * * * * *   D A T A   M E M O R Y   * * * * * * *
            REG     0000H     0008H     ABSOLUTE     "REG BANK 0"
            DATA    0008H     001DH     UNIT         ?DT?TEST_RF
            DATA    0025H     000EH     UNIT         _DATA_GROUP_
            IDATA   0033H     0001H     UNIT         ?STACK

            * * * * * * *  X D A T A   M E M O R Y  * * * * * * *
            XDATA   0000H     0002H     UNIT         _XDATA_GROUP_

            * * * * * * *   C O D E   M E M O R Y   * * * * * * *
            CODE    0000H     0003H     ABSOLUTE     
            CODE    0003H     02B8H     UNIT         ?PR?_LCD_PUTS_SERI?TEST_RF
            CODE    02BBH     01EFH     UNIT         ?PR?MAIN?TEST_RF
            CODE    04AAH     01BFH     UNIT         ?PR?RF_DECODE?TEST_RF
            CODE    0669H     010BH     UNIT         ?C?LIB_CODE
            CODE    0774H     00ACH     UNIT         ?C_C51STARTUP
            CODE    0820H     00A4H     UNIT         ?PR?GET_KIEMTRA_LOAI?TEST_RF
            CODE    08C4H     0053H     UNIT         ?PR?_DELAY_RF?TEST_RF
            CODE    0917H     003FH     UNIT         ?CO?TEST_RF
            CODE    0956H     003EH     UNIT         ?PR?LCD_INIT?TEST_RF
            CODE    0994H     0029H     UNIT         ?PR?_LCD_GOTOXY?TEST_RF
            CODE    09BDH     0027H     UNIT         ?PR?_LCD_PUTS?TEST_RF
            CODE    09E4H     0020H     UNIT         ?PR?_DELAY_MS?TEST_RF
            CODE    0A04H     0020H     UNIT         ?PR?_DELAY_US?TEST_RF
            CODE    0A24H     001DH     UNIT         ?C_INITSEG
            CODE    0A41H     001CH     UNIT         ?PR?_LCD1602_SEND_4BIT_DATA?TEST_RF
            CODE    0A5DH     001AH     UNIT         ?PR?_LCD_PUTCHAR?TEST_RF
            CODE    0A77H     0019H     UNIT         ?PR?_LCD1602_SEND_COMMAND?TEST_RF
            CODE    0A90H     0013H     UNIT         ?PR?LCD1602_ENABLE?TEST_RF
            CODE    0AA3H     000CH     UNIT         ?PR?LCD_CLEAR?TEST_RF



OVERLAY MAP OF MODULE:   test_rf (TEST_RF)

BL51 BANKED LINKER/LOCATER V6.22                                                      11/29/2018  14:26:33  PAGE 2



SEGMENT                                       DATA_GROUP          XDATA_GROUP
  +--> CALLED SEGMENT                       START    LENGTH     START    LENGTH
-------------------------------------------------------------------------------
?C_C51STARTUP                               -----    -----      -----    -----
  +--> ?PR?MAIN?TEST_RF
  +--> ?C_INITSEG

?PR?MAIN?TEST_RF                            -----    -----      -----    -----
  +--> ?PR?_DELAY_MS?TEST_RF
  +--> ?PR?LCD_INIT?TEST_RF
  +--> ?PR?_LCD_GOTOXY?TEST_RF
  +--> ?CO?TEST_RF
  +--> ?PR?_LCD_PUTS?TEST_RF
  +--> ?PR?RF_DECODE?TEST_RF
  +--> ?PR?GET_KIEMTRA_LOAI?TEST_RF
  +--> ?PR?_LCD_PUTS_SERI?TEST_RF
  +--> ?PR?_LCD_PUTCHAR?TEST_RF

?PR?LCD_INIT?TEST_RF                        -----    -----      -----    -----
  +--> ?PR?_LCD1602_SEND_4BIT_DATA?TEST_RF
  +--> ?PR?_DELAY_MS?TEST_RF
  +--> ?PR?LCD1602_ENABLE?TEST_RF
  +--> ?PR?_LCD1602_SEND_COMMAND?TEST_RF

?PR?LCD1602_ENABLE?TEST_RF                  -----    -----      -----    -----
  +--> ?PR?_LCD1602_SEND_4BIT_DATA?TEST_RF
  +--> ?PR?_DELAY_US?TEST_RF

?PR?_LCD1602_SEND_COMMAND?TEST_RF           -----    -----      -----    -----
  +--> ?PR?_DELAY_US?TEST_RF
  +--> ?PR?LCD1602_ENABLE?TEST_RF
  +--> ?PR?_LCD1602_SEND_4BIT_DATA?TEST_RF

?PR?_LCD_GOTOXY?TEST_RF                     0032H    0001H      -----    -----
  +--> ?PR?LCD_CLEAR?TEST_RF
  +--> ?PR?_DELAY_MS?TEST_RF
  +--> ?PR?_LCD1602_SEND_COMMAND?TEST_RF

?PR?LCD_CLEAR?TEST_RF                       -----    -----      -----    -----
  +--> ?PR?_LCD1602_SEND_COMMAND?TEST_RF
  +--> ?PR?_DELAY_US?TEST_RF

?PR?_LCD_PUTS?TEST_RF                       0025H    0003H      -----    -----
  +--> ?PR?_LCD_PUTCHAR?TEST_RF

?PR?_LCD_PUTCHAR?TEST_RF                    -----    -----      -----    -----
  +--> ?PR?_LCD1602_SEND_COMMAND?TEST_RF

?PR?RF_DECODE?TEST_RF                       0025H    0005H      0000H    0002H
  +--> ?PR?_DELAY_RF?TEST_RF

?PR?_DELAY_RF?TEST_RF                       002AH    0004H      -----    -----

?PR?GET_KIEMTRA_LOAI?TEST_RF                0025H    0002H      -----    -----
  +--> ?PR?_DELAY_US?TEST_RF

BL51 BANKED LINKER/LOCATER V6.22                                                      11/29/2018  14:26:33  PAGE 3


?PR?_LCD_PUTS_SERI?TEST_RF                  0025H    000DH      -----    -----
  +--> ?PR?_LCD_GOTOXY?TEST_RF
  +--> ?PR?_LCD_PUTCHAR?TEST_RF



SYMBOL TABLE OF MODULE:  test_rf (TEST_RF)

  VALUE           TYPE          NAME
  ----------------------------------

  -------         MODULE        TEST_RF
  C:0000H         SYMBOL        _ICE_DUMMY_
  D:0008H         PUBLIC        short_k
  D:00B1H         PUBLIC        P0M1
  D:00B3H         PUBLIC        P1M1
  D:00B2H         PUBLIC        P0M2
  D:0080H         PUBLIC        P0
  D:00B4H         PUBLIC        P1M2
  D:0090H         PUBLIC        P1
  D:00ACH         PUBLIC        P3M1
  D:00A0H         PUBLIC        P2
  D:00B0H         PUBLIC        P3
  D:00ADH         PUBLIC        P3M2
  B:00A8H.7       PUBLIC        EA
  D:00D8H         PUBLIC        PWMCON0
  B:0080H.6       PUBLIC        SPEAKER
  D:00A8H         PUBLIC        IE
  D:0096H         PUBLIC        CKSWT
  C:0A6FH         PUBLIC        _lcd_putchar
  D:000AH         PUBLIC        da1527
  B:0080H.5       PUBLIC        RF
  D:00B8H         PUBLIC        IP
  D:0010H         PUBLIC        i_low
  C:0AA3H         PUBLIC        lcd_clear
  D:0097H         PUBLIC        CKEN
  D:0012H         PUBLIC        decode_ok
  C:02BBH         PUBLIC        main
  D:0013H         PUBLIC        line
  B:0090H.1       PUBLIC        LCD_D4
  B:0090H.0       PUBLIC        LCD_D5
  B:0080H.0       PUBLIC        LCD_D6
  B:0080H.1       PUBLIC        LCD_D7
  D:0098H         PUBLIC        SCON
  D:0089H         PUBLIC        TMOD
  D:0088H         PUBLIC        TCON
  D:0016H         PUBLIC        dat
  C:099BH         PUBLIC        _lcd_gotoxy
  D:00F8H         PUBLIC        SCON_1
  C:0A93H         PUBLIC        lcd1602_enable
  C:0956H         PUBLIC        lcd_init
  B:0088H.7       PUBLIC        TF1
  D:008DH         PUBLIC        TH1
  C:0A77H         PUBLIC        _lcd1602_send_command
  D:0019H         PUBLIC        num
  D:008BH         PUBLIC        TL1
  C:09E4H         PUBLIC        _delay_ms
BL51 BANKED LINKER/LOCATER V6.22                                                      11/29/2018  14:26:33  PAGE 4


  D:001DH         PUBLIC        bedside
  D:001EH         PUBLIC        data_rf
  B:0088H.6       PUBLIC        TR1
  B:0090H.4       PUBLIC        LCD_RS
  D:00E8H         PUBLIC        ADCCON0
  C:0820H         PUBLIC        Get_Kiemtra_loai
  C:0A04H         PUBLIC        _delay_us
  D:00C0H         PUBLIC        I2CON
  B:0090H.3       PUBLIC        LCD_RW
  C:0A41H         PUBLIC        _lcd1602_send_4bit_data
  C:04AAH         PUBLIC        RF_decode
  C:09BDH         PUBLIC        _lcd_puts
  D:0021H         PUBLIC        g
  D:00C8H         PUBLIC        T2CON
  C:08CCH         PUBLIC        _Delay_RF
  D:0023H         PUBLIC        i_high
  D:008EH         PUBLIC        CKCON
  B:0090H.2       PUBLIC        LCD_E
  C:0003H         PUBLIC        _lcd_puts_seri
  D:00D0H         PUBLIC        PSW
  C:08C4H         SYMBOL        L?0117
  -------         PROC          L?0116
  -------         ENDPROC       L?0116
  C:08C4H         SYMBOL        L?0117
  -------         PROC          _DELAY_RF
  D:002AH         SYMBOL        u32CNT
  C:08CCH         LINE#         62
  C:08D4H         LINE#         63
  C:08D4H         LINE#         64
  C:08D7H         LINE#         65
  C:08DAH         LINE#         66
  C:08DCH         LINE#         67
  C:08EFH         LINE#         68
  C:08EFH         LINE#         69
  C:08F2H         LINE#         70
  C:08F5H         LINE#         71
  C:08F8H         LINE#         72
  C:08FAH         LINE#         73
  C:0912H         LINE#         74
  C:0914H         LINE#         75
  C:0916H         LINE#         76
  -------         ENDPROC       _DELAY_RF
  -------         PROC          _DELAY_MS
  D:0006H         SYMBOL        Time
  -------         DO            
  D:0004H         SYMBOL        i
  D:0002H         SYMBOL        j
  D:0006H         SYMBOL        t
  -------         ENDDO         
  C:09E4H         LINE#         79
  C:09E4H         LINE#         80
  C:09E4H         LINE#         82
  C:09E4H         LINE#         83
  C:09EEH         LINE#         84
  C:09EEH         LINE#         85
  C:09FCH         LINE#         86
  C:0A03H         LINE#         87
BL51 BANKED LINKER/LOCATER V6.22                                                      11/29/2018  14:26:33  PAGE 5


  -------         ENDPROC       _DELAY_MS
  -------         PROC          _DELAY_US
  D:0006H         SYMBOL        Time
  -------         DO            
  D:0004H         SYMBOL        i
  D:0002H         SYMBOL        j
  -------         ENDDO         
  C:0A04H         LINE#         88
  C:0A04H         LINE#         89
  C:0A04H         LINE#         91
  C:0A0EH         LINE#         92
  C:0A0EH         LINE#         93
  C:0A1CH         LINE#         94
  C:0A23H         LINE#         95
  -------         ENDPROC       _DELAY_US
  -------         PROC          GET_KIEMTRA_LOAI
  -------         DO            
  D:0025H         SYMBOL        kk
  D:0082H         SYMBOL        ff
  -------         ENDDO         
  C:0820H         LINE#         126
  C:0820H         LINE#         127
  C:0820H         LINE#         128
  C:0829H         LINE#         129
  C:0836H         LINE#         130
  C:0836H         LINE#         131
  C:083BH         LINE#         132
  C:083EH         LINE#         133
  C:084CH         LINE#         134
  C:084CH         LINE#         135
  C:0854H         LINE#         136
  C:085BH         LINE#         137
  C:085DH         LINE#         138
  C:0862H         LINE#         139
  C:0870H         LINE#         140
  C:0870H         LINE#         141
  C:0878H         LINE#         142
  C:087FH         LINE#         143
  C:0881H         LINE#         144
  C:08AEH         LINE#         145
  C:08B1H         LINE#         146
  C:08C1H         LINE#         147
  C:08C3H         LINE#         148
  -------         ENDPROC       GET_KIEMTRA_LOAI
  -------         PROC          RF_DECODE
  -------         DO            
  D:0025H         SYMBOL        ii
  D:0026H         SYMBOL        k
  D:0027H         SYMBOL        rep
  D:0028H         SYMBOL        xung
  X:0000H         SYMBOL        head_k
  -------         ENDDO         
  C:04AAH         LINE#         149
  C:04AAH         LINE#         150
  C:04AAH         LINE#         153
  C:04B1H         LINE#         154
  C:04B5H         LINE#         155
BL51 BANKED LINKER/LOCATER V6.22                                                      11/29/2018  14:26:33  PAGE 6


  C:04B8H         LINE#         156
  C:04C6H         LINE#         157
  C:04C6H         LINE#         158
  C:04C9H         LINE#         159
  C:04D1H         LINE#         160
  C:04D3H         LINE#         161
  C:04DAH         LINE#         162
  C:04DDH         LINE#         163
  C:04DDH         LINE#         164
  C:04E0H         LINE#         165
  C:04EEH         LINE#         166
  C:04F0H         LINE#         168
  C:052BH         LINE#         170
  C:052BH         LINE#         172
  C:052EH         LINE#         173
  C:052EH         LINE#         174
  C:0531H         LINE#         175
  C:0531H         LINE#         176
  C:0534H         LINE#         177
  C:0534H         LINE#         178
  C:0539H         LINE#         179
  C:0547H         LINE#         180
  C:0547H         LINE#         181
  C:054AH         LINE#         182
  C:0552H         LINE#         183
  C:0554H         LINE#         185
  C:0578H         LINE#         186
  C:0578H         LINE#         188
  C:059AH         LINE#         190
  C:059CH         LINE#         191
  C:05BEH         LINE#         193
  C:05BEH         LINE#         195
  C:05E2H         LINE#         197
  C:05E2H         LINE#         198
  C:05E2H         LINE#         201
  C:05E5H         LINE#         202
  C:05F1H         LINE#         203
  C:05FDH         LINE#         204
  C:0605H         LINE#         205
  C:0622H         LINE#         206
  C:063BH         LINE#         207
  C:0647H         LINE#         209
  C:0656H         LINE#         210
  C:0656H         LINE#         212
  C:0656H         LINE#         214
  C:0665H         LINE#         215
  C:0665H         LINE#         220
  C:0668H         LINE#         222
  C:0668H         LINE#         224
  C:0668H         LINE#         230
  -------         ENDPROC       RF_DECODE
  -------         PROC          L?0120
  -------         ENDPROC       L?0120
  -------         PROC          LCD1602_ENABLE
  C:0A93H         LINE#         232
  C:0A93H         LINE#         233
  C:0A93H         LINE#         234
BL51 BANKED LINKER/LOCATER V6.22                                                      11/29/2018  14:26:33  PAGE 7


  C:0A95H         LINE#         235
  C:0A9CH         LINE#         236
  C:0A9EH         LINE#         237
  -------         ENDPROC       LCD1602_ENABLE
  -------         PROC          _LCD1602_SEND_4BIT_DATA
  D:0007H         SYMBOL        cX
  C:0A41H         LINE#         241
  C:0A41H         LINE#         242
  C:0A41H         LINE#         243
  C:0A45H         LINE#         244
  C:0A4BH         LINE#         245
  C:0A53H         LINE#         246
  C:0A5CH         LINE#         247
  -------         ENDPROC       _LCD1602_SEND_4BIT_DATA
  -------         PROC          _LCD1602_SEND_COMMAND
  D:0001H         SYMBOL        cX
  C:0A77H         LINE#         251
  C:0A79H         LINE#         252
  C:0A79H         LINE#         253
  C:0A80H         LINE#         254
  C:0A85H         LINE#         255
  C:0A88H         LINE#         256
  C:0A8DH         LINE#         257
  -------         ENDPROC       _LCD1602_SEND_COMMAND
  -------         PROC          LCD_INIT
  C:0956H         LINE#         262
  C:0956H         LINE#         263
  C:0956H         LINE#         264
  C:095BH         LINE#         265
  C:0962H         LINE#         267
  C:0964H         LINE#         268
  C:0966H         LINE#         269
  C:0968H         LINE#         271
  C:096AH         LINE#         272
  C:096DH         LINE#         273
  C:0970H         LINE#         274
  C:0973H         LINE#         275
  C:0978H         LINE#         276
  C:097BH         LINE#         278
  C:0980H         LINE#         279
  C:0985H         LINE#         280
  C:098AH         LINE#         281
  C:098FH         LINE#         282
  -------         ENDPROC       LCD_INIT
  C:0997H         SYMBOL        L?0119
  -------         PROC          L?0118
  -------         ENDPROC       L?0118
  C:0997H         SYMBOL        L?0119
  -------         PROC          _LCD_GOTOXY
  D:0007H         SYMBOL        x
  D:0005H         SYMBOL        y
  -------         DO            
  D:0032H         SYMBOL        address
  -------         ENDDO         
  C:099BH         LINE#         287
  C:099BH         LINE#         288
  C:099BH         LINE#         290
BL51 BANKED LINKER/LOCATER V6.22                                                      11/29/2018  14:26:33  PAGE 8


  C:099EH         LINE#         291
  C:09A5H         LINE#         293
  C:09AAH         LINE#         294
  C:09B1H         LINE#         295
  C:09B6H         LINE#         296
  -------         ENDPROC       _LCD_GOTOXY
  -------         PROC          LCD_CLEAR
  C:0AA3H         LINE#         301
  C:0AA3H         LINE#         302
  C:0AA3H         LINE#         303
  C:0AA8H         LINE#         304
  -------         ENDPROC       LCD_CLEAR
  -------         PROC          L?0115
  -------         ENDPROC       L?0115
  -------         PROC          _LCD_PUTCHAR
  D:0006H         SYMBOL        cX
  C:0A6FH         LINE#         309
  C:0A6FH         LINE#         310
  C:0A6FH         LINE#         311
  C:0A71H         LINE#         312
  C:0A74H         LINE#         313
  C:0A76H         LINE#         314
  -------         ENDPROC       _LCD_PUTCHAR
  -------         PROC          _LCD_PUTS
  D:0025H         SYMBOL        s
  C:09BDH         LINE#         318
  C:09C3H         LINE#         319
  C:09C3H         LINE#         320
  C:09CFH         LINE#         321
  C:09CFH         LINE#         322
  C:09D6H         LINE#         323
  C:09E1H         LINE#         324
  C:09E3H         LINE#         325
  -------         ENDPROC       _LCD_PUTS
  -------         PROC          _LCD_PUTS_SERI
  D:0025H         SYMBOL        seri
  D:0029H         SYMBOL        h
  D:002AH         SYMBOL        c
  -------         DO            
  D:002BH         SYMBOL        trieu
  D:002CH         SYMBOL        tramnghin
  D:002DH         SYMBOL        chucnghin
  D:002EH         SYMBOL        nghin
  D:002FH         SYMBOL        tram
  D:0030H         SYMBOL        chuc
  D:0031H         SYMBOL        donvi
  -------         ENDDO         
  C:0003H         LINE#         327
  C:000BH         LINE#         328
  C:000BH         LINE#         330
  C:0018H         LINE#         331
  C:0040H         LINE#         332
  C:007AH         LINE#         333
  C:00C6H         LINE#         334
  C:0123H         LINE#         335
  C:0191H         LINE#         336
  C:01A6H         LINE#         337
BL51 BANKED LINKER/LOCATER V6.22                                                      11/29/2018  14:26:33  PAGE 9


  C:01B9H         LINE#         338
  C:01B9H         LINE#         339
  C:01C3H         LINE#         340
  C:01CAH         LINE#         341
  C:01CAH         LINE#         342
  C:01CAH         LINE#         343
  C:01CDH         LINE#         344
  C:01CDH         LINE#         345
  C:01CDH         LINE#         346
  C:01D0H         LINE#         347
  C:01D4H         LINE#         348
  C:01D4H         LINE#         349
  C:01D7H         LINE#         352
  C:01D7H         LINE#         353
  C:01E1H         LINE#         354
  C:01E8H         LINE#         355
  C:01FEH         LINE#         356
  C:01FEH         LINE#         357
  C:0209H         LINE#         358
  C:0209H         LINE#         359
  C:021FH         LINE#         360
  C:021FH         LINE#         361
  C:022AH         LINE#         362
  C:022AH         LINE#         363
  C:023FH         LINE#         364
  C:023FH         LINE#         365
  C:024AH         LINE#         366
  C:024AH         LINE#         367
  C:025FH         LINE#         368
  C:025FH         LINE#         369
  C:026AH         LINE#         370
  C:026AH         LINE#         371
  C:027EH         LINE#         372
  C:027EH         LINE#         373
  C:0289H         LINE#         374
  C:0289H         LINE#         375
  C:029DH         LINE#         376
  C:029DH         LINE#         377
  C:02A8H         LINE#         378
  C:02A8H         LINE#         379
  C:02B3H         LINE#         381
  C:02BAH         LINE#         383
  C:02BAH         LINE#         384
  -------         ENDPROC       _LCD_PUTS_SERI
  -------         PROC          MAIN
  C:02BBH         LINE#         385
  C:02BBH         LINE#         386
  C:02BBH         LINE#         389
  C:02BEH         LINE#         390
  C:02C1H         LINE#         392
  C:02C4H         LINE#         393
  C:02C7H         LINE#         396
  C:02CAH         LINE#         397
  C:02CDH         LINE#         398
  C:02CFH         LINE#         399
  C:02D1H         LINE#         401
  C:02D4H         LINE#         404
BL51 BANKED LINKER/LOCATER V6.22                                                      11/29/2018  14:26:33  PAGE 10


  C:02D6H         LINE#         407
  C:02D8H         LINE#         408
  C:02DEH         LINE#         409
  C:02E1H         LINE#         410
  C:02E1H         LINE#         411
  C:02E4H         LINE#         412
  C:02EDH         LINE#         413
  C:02F4H         LINE#         414
  C:02FDH         LINE#         415
  C:0304H         LINE#         416
  C:0304H         LINE#         417
  C:0307H         LINE#         418
  C:0310H         LINE#         425
  C:0310H         LINE#         426
  C:0310H         LINE#         428
  C:0313H         LINE#         430
  C:0318H         LINE#         431
  C:0318H         LINE#         432
  C:031AH         LINE#         433
  C:031FH         LINE#         434
  C:031FH         LINE#         435
  C:031FH         LINE#         436
  C:0328H         LINE#         437
  C:0330H         LINE#         438
  C:033BH         LINE#         439
  C:033EH         LINE#         440
  C:0347H         LINE#         441
  C:0349H         LINE#         442
  C:0350H         LINE#         443
  C:0352H         LINE#         444
  C:0355H         LINE#         445
  C:0357H         LINE#         446
  C:035AH         LINE#         447
  C:035CH         LINE#         450
  C:0365H         LINE#         451
  C:0365H         LINE#         452
  C:036DH         LINE#         453
  C:0397H         LINE#         454
  C:03C0H         LINE#         455
  C:03D6H         LINE#         456
  C:03E6H         LINE#         457
  C:03EDH         LINE#         458
  C:03F6H         LINE#         459
  C:03FDH         LINE#         461
  C:0400H         LINE#         463
  C:0400H         LINE#         464
  C:0409H         LINE#         465
  C:0433H         LINE#         466
  C:045CH         LINE#         467
  C:0485H         LINE#         468
  C:048BH         LINE#         469
  C:049CH         LINE#         471
  C:049CH         LINE#         472
  C:049FH         LINE#         473
  C:04A1H         LINE#         474
  C:04A3H         LINE#         475
  C:04A5H         LINE#         476
BL51 BANKED LINKER/LOCATER V6.22                                                      11/29/2018  14:26:33  PAGE 11


  C:04A7H         LINE#         477
  C:04A7H         LINE#         481
  -------         ENDPROC       MAIN
  -------         ENDMOD        TEST_RF

  -------         MODULE        ?C_STARTUP
  C:0774H         SEGMENT       ?C_C51STARTUP
  I:0033H         SEGMENT       ?STACK
  C:0000H         PUBLIC        ?C_STARTUP
  D:00E0H         SYMBOL        ACC
  D:00F0H         SYMBOL        B
  D:0083H         SYMBOL        DPH
  D:0082H         SYMBOL        DPL
  N:0000H         SYMBOL        IBPSTACK
  N:0100H         SYMBOL        IBPSTACKTOP
  N:0080H         SYMBOL        IDATALEN
  C:0789H         SYMBOL        IDATALOOP
  N:0000H         SYMBOL        PBPSTACK
  N:0000H         SYMBOL        PBPSTACKTOP
  N:0000H         SYMBOL        PDATALEN
  N:0000H         SYMBOL        PDATASTART
  N:0000H         SYMBOL        PPAGE
  N:0000H         SYMBOL        PPAGEENABLE
  D:00A0H         SYMBOL        PPAGE_SFR
  D:0081H         SYMBOL        SP
  C:0774H         SYMBOL        STARTUP1
  N:0000H         SYMBOL        XBPSTACK
  N:0000H         SYMBOL        XBPSTACKTOP
  N:02FFH         SYMBOL        XDATALEN
  C:0794H         SYMBOL        XDATALOOP
  N:0000H         SYMBOL        XDATASTART
  C:0000H         LINE#         94
  C:0774H         LINE#         100
  C:0777H         LINE#         101
  C:077AH         LINE#         102
  C:077DH         LINE#         104
  C:0780H         LINE#         105
  C:0783H         LINE#         106
  C:0786H         LINE#         109
  C:0788H         LINE#         110
  C:0789H         LINE#         111
  C:078AH         LINE#         112
  C:078CH         LINE#         116
  C:078FH         LINE#         117
  C:0791H         LINE#         119
  C:0793H         LINE#         123
  C:0794H         LINE#         124
  C:0795H         LINE#         125
  C:0796H         LINE#         126
  C:0798H         LINE#         127
  C:079AH         LINE#         161
  C:079DH         LINE#         165
  -------         ENDMOD        ?C_STARTUP

  -------         MODULE        ?C?CLDPTR
  C:0669H         PUBLIC        ?C?CLDPTR
  -------         ENDMOD        ?C?CLDPTR
BL51 BANKED LINKER/LOCATER V6.22                                                      11/29/2018  14:26:33  PAGE 12



  -------         MODULE        ?C?ULDIV
  C:06BEH         PUBLIC        ?C?ULDIV
  -------         ENDMOD        ?C?ULDIV

  -------         MODULE        ?C?ULCMP
  C:0750H         PUBLIC        ?C?ULCMP
  -------         ENDMOD        ?C?ULCMP

  -------         MODULE        ?C?LSHL
  C:0761H         PUBLIC        ?C?LSHL
  -------         ENDMOD        ?C?LSHL

Program Size: data=52.0 xdata=2 code=2735
LINK/LOCATE RUN COMPLETE.  0 WARNING(S),  0 ERROR(S)
